

First Create folder and open it.
now open git bash here
---------------------------------------------
deepak@DESKTOP-9SBUFDD MINGW64 /d/Assignment git
$ git clone http://192.168.5.24:3000/java-workspace/deepak.kumar-ws.git
Cloning into 'deepak.kumar-ws'...
remote: Counting objects: 3, done.
remote: Total 3 (delta 0), reused 0 (delta 0)
Unpacking objects: 100% (3/3), 202 bytes | 2.00 KiB/s, done.

deepak@DESKTOP-9SBUFDD MINGW64 /d/Assignment git
$



After Above process now open created folder and open git bash here and follow the below process
------------------------------------------------------------------------------------------------------
deepak@DESKTOP-9SBUFDD MINGW64 /d/Assignment git/deepak.kumar-ws (master)
$ git branch
* master

deepak@DESKTOP-9SBUFDD MINGW64 /d/Assignment git/deepak.kumar-ws (master)
$ git branch assignment

deepak@DESKTOP-9SBUFDD MINGW64 /d/Assignment git/deepak.kumar-ws (master)
$ git checkout assignment
Switched to branch 'assignment'

deepak@DESKTOP-9SBUFDD MINGW64 /d/Assignment git/deepak.kumar-ws (assignment)
$ git branch
* assignment
  master
---------------------------------------------------------------------------------


Now paste your project from SRC to end point in this folder and do below process...

------------------------------------------------------------------------------
deepak@DESKTOP-9SBUFDD MINGW64 /d/Assignment git/deepak.kumar-ws (assignment)
$ git status
On branch assignment
Untracked files:
  (use "git add <file>..." to include in what will be committed)
        .gitignore
        mvnw
        mvnw.cmd
        pom.xml
        src/

nothing added to commit but untracked files present (use "git add" to track)

deepak@DESKTOP-9SBUFDD MINGW64 /d/Assignment git/deepak.kumar-ws (assignment)
$ git add src/ pom.xml mvnw.cmd
warning: LF will be replaced by CRLF in mvnw.cmd.
The file will have its original line endings in your working directory
warning: LF will be replaced by CRLF in pom.xml.
The file will have its original line endings in your working directory
warning: LF will be replaced by CRLF in src/main/java/com/tutorialapplication/TutorialApplication.java.
The file will have its original line endings in your working directory
warning: LF will be replaced by CRLF in src/main/resources/application.properties.
The file will have its original line endings in your working directory
warning: LF will be replaced by CRLF in src/test/java/com/tutorialapplication/TutorialApplicationTests.java.
The file will have its original line endings in your working directory

deepak@DESKTOP-9SBUFDD MINGW64 /d/Assignment git/deepak.kumar-ws (assignment)
$ git status
On branch assignment
Changes to be committed:
  (use "git restore --staged <file>..." to unstage)
        new file:   mvnw.cmd
        new file:   pom.xml
        new file:   src/main/java/com/tutorialapplication/TutorialApplication.java
        new file:   src/main/java/com/tutorialapplication/entity/Tutorial.java
        new file:   src/main/java/com/tutorialapplication/repositorylayer/repositoryLayer.java
        new file:   src/main/java/com/tutorialapplication/servicelayer/serviceLayer.java
        new file:   src/main/java/com/tutorialapplication/servicelayer/serviceLayerImpl.java
        new file:   src/main/java/com/tutorialapplication/tutorialcontroller/tutorialController.java
        new file:   src/main/resources/application.properties
        new file:   src/test/java/com/tutorialapplication/TutorialApplicationTests.java

Untracked files:
  (use "git add <file>..." to include in what will be committed)
        .gitignore
        mvnw


deepak@DESKTOP-9SBUFDD MINGW64 /d/Assignment git/deepak.kumar-ws (assignment)
$ git add mvnw
warning: LF will be replaced by CRLF in mvnw.
The file will have its original line endings in your working directory

deepak@DESKTOP-9SBUFDD MINGW64 /d/Assignment git/deepak.kumar-ws (assignment)
$ git status
On branch assignment
Changes to be committed:
  (use "git restore --staged <file>..." to unstage)
        new file:   mvnw
        new file:   mvnw.cmd
        new file:   pom.xml
        new file:   src/main/java/com/tutorialapplication/TutorialApplication.java
        new file:   src/main/java/com/tutorialapplication/entity/Tutorial.java
        new file:   src/main/java/com/tutorialapplication/repositorylayer/repositoryLayer.java
        new file:   src/main/java/com/tutorialapplication/servicelayer/serviceLayer.java
        new file:   src/main/java/com/tutorialapplication/servicelayer/serviceLayerImpl.java
        new file:   src/main/java/com/tutorialapplication/tutorialcontroller/tutorialController.java
        new file:   src/main/resources/application.properties
        new file:   src/test/java/com/tutorialapplication/TutorialApplicationTests.java

Untracked files:
  (use "git add <file>..." to include in what will be committed)
        .gitignore


deepak@DESKTOP-9SBUFDD MINGW64 /d/Assignment git/deepak.kumar-ws (assignment)
$ git commit -m "CRUD assignment"
Author identity unknown

*** Please tell me who you are.

Run

  git config --global user.email "you@example.com"
  git config --global user.name "Your Name"

to set your account's default identity.
Omit --global to set the identity only in this repository.

fatal: unable to auto-detect email address (got 'deepak@DESKTOP-9SBUFDD.(none)')

deepak@DESKTOP-9SBUFDD MINGW64 /d/Assignment git/deepak.kumar-ws (assignment)
$ git config --global "deepak.kumar@girmiti.com"

deepak@DESKTOP-9SBUFDD MINGW64 /d/Assignment git/deepak.kumar-ws (assignment)
$ ^C

deepak@DESKTOP-9SBUFDD MINGW64 /d/Assignment git/deepak.kumar-ws (assignment)
$ git config --global user.email "deepak.kumar@girmiti.com"

deepak@DESKTOP-9SBUFDD MINGW64 /d/Assignment git/deepak.kumar-ws (assignment)
$  git config --global user.name "Deepak Kumar"

deepak@DESKTOP-9SBUFDD MINGW64 /d/Assignment git/deepak.kumar-ws (assignment)
$ git commit -m "CRUD assignment"
[assignment ce8314b] CRUD assignment
 11 files changed, 899 insertions(+)
 create mode 100644 mvnw
 create mode 100644 mvnw.cmd
 create mode 100644 pom.xml
 create mode 100644 src/main/java/com/tutorialapplication/TutorialApplication.java
 create mode 100644 src/main/java/com/tutorialapplication/entity/Tutorial.java
 create mode 100644 src/main/java/com/tutorialapplication/repositorylayer/repositoryLayer.java
 create mode 100644 src/main/java/com/tutorialapplication/servicelayer/serviceLayer.java
 create mode 100644 src/main/java/com/tutorialapplication/servicelayer/serviceLayerImpl.java
 create mode 100644 src/main/java/com/tutorialapplication/tutorialcontroller/tutorialController.java
 create mode 100644 src/main/resources/application.properties
 create mode 100644 src/test/java/com/tutorialapplication/TutorialApplicationTests.java

deepak@DESKTOP-9SBUFDD MINGW64 /d/Assignment git/deepak.kumar-ws (assignment)
$ git push origin assignment
Enumerating objects: 28, done.
Counting objects: 100% (28/28), done.
Delta compression using up to 4 threads
Compressing objects: 100% (20/20), done.
Writing objects: 100% (27/27), 10.04 KiB | 1.00 MiB/s, done.
Total 27 (delta 0), reused 0 (delta 0), pack-reused 0
remote:
remote: Create a new pull request for 'assignment':
remote:   http://192.168.5.24:3000/java-workspace/deepak.kumar-ws/compare/master...assignment
remote:
remote: . Processing 1 references
remote: Processed 1 references in total
To http://192.168.5.24:3000/java-workspace/deepak.kumar-ws.git
 * [new branch]      assignment -> assignment

----------------------------------------------------------------------
Copy above link and open in browser


*How to delete commit

git checkout master
git reset --hard e3f1e37
git push --force origin master


